src/components/common/PanicButton.tsx(6,26): error TS2307: Cannot find module '../theme/colors' or its corresponding type declarations.
src/components/ContactPaymentModal.tsx(53,21): error TS2339: Property 'contactRequest' does not exist on type '{}'.
src/components/ContactPaymentModal.tsx(53,37): error TS2339: Property 'payment' does not exist on type '{}'.
src/components/WorkerSubscriptionModal.tsx(45,21): error TS2339: Property 'paymentIntent' does not exist on type '{}'.
src/components/WorkerSubscriptionModal.tsx(45,36): error TS2339: Property 'ephemeralKey' does not exist on type '{}'.
src/components/WorkerSubscriptionModal.tsx(45,50): error TS2339: Property 'customer' does not exist on type '{}'.
src/components/WorkerSubscriptionModal.tsx(45,60): error TS2339: Property 'paymentIntentId' does not exist on type '{}'.
src/config/firebase.ts(2,26): error TS2305: Module '"firebase/auth"' has no exported member 'getReactNativePersistence'.
src/context/AuthContext.tsx(127,57): error TS2339: Property 'user' does not exist on type 'unknown'.
src/context/AuthContext.tsx(183,17): error TS1323: Dynamic imports are only supported when the '--module' flag is set to 'es2020', 'es2022', 'esnext', 'commonjs', 'amd', 'system', 'umd', 'node16', 'node18', 'node20', or 'nodenext'.
src/context/AuthContext.tsx(236,44): error TS2339: Property 'user' does not exist on type 'unknown'.
src/context/AuthContext.tsx(275,13): error TS1323: Dynamic imports are only supported when the '--module' flag is set to 'es2020', 'es2022', 'esnext', 'commonjs', 'amd', 'system', 'umd', 'node16', 'node18', 'node20', or 'nodenext'.
src/context/AuthContext.tsx(387,58): error TS2339: Property 'user' does not exist on type 'unknown'.
src/modules/lawyer/dashboard/LawyerDashboardScreen.tsx(45,39): error TS1323: Dynamic imports are only supported when the '--module' flag is set to 'es2020', 'es2022', 'esnext', 'commonjs', 'amd', 'system', 'umd', 'node16', 'node18', 'node20', or 'nodenext'.
src/modules/worker/profile/components/WorkerProfile.tsx(5,26): error TS2307: Cannot find module '../../../theme/colors' or its corresponding type declarations.
src/screens/admin/AdminCasesScreen.tsx(21,22): error TS2345: Argument of type 'unknown' is not assignable to parameter of type 'SetStateAction<any[]>'.
src/screens/admin/AdminFinanceScreen.tsx(26,21): error TS2345: Argument of type 'unknown' is not assignable to parameter of type 'SetStateAction<any[]>'.
src/screens/admin/AdminForumScreen.tsx(23,22): error TS2345: Argument of type 'unknown' is not assignable to parameter of type 'SetStateAction<any[]>'.
src/screens/admin/AdminPromotionsScreen.tsx(27,21): error TS2339: Property 'promoActive' does not exist on type '{}'.
src/screens/admin/AdminPromotionsScreen.tsx(27,34): error TS2339: Property 'trialDays' does not exist on type '{}'.
src/screens/admin/AdminPromotionsScreen.tsx(27,45): error TS2339: Property 'bannerText' does not exist on type '{}'.
src/screens/admin/AdminSecurityScreen.tsx(23,27): error TS2345: Argument of type 'unknown' is not assignable to parameter of type 'SetStateAction<any[]>'.
src/screens/admin/AdminSecurityScreen.tsx(26,25): error TS2345: Argument of type 'unknown' is not assignable to parameter of type 'SetStateAction<any[]>'.
src/screens/admin/AdminUsersScreen.tsx(26,28): error TS2345: Argument of type 'unknown' is not assignable to parameter of type 'SetStateAction<any[]>'.
src/screens/admin/AdminUsersScreen.tsx(29,28): error TS2345: Argument of type 'unknown' is not assignable to parameter of type 'SetStateAction<any[]>'.
src/screens/CaseChatScreen.tsx(49,50): error TS2339: Property 'reverse' does not exist on type 'unknown'.
src/screens/CaseChatScreen.tsx(71,27): error TS2345: Argument of type 'unknown' is not assignable to parameter of type 'SetStateAction<any[]>'.
src/screens/CaseChatScreen.tsx(148,21): error TS2339: Property 'downloadUrl' does not exist on type '{}'.
src/screens/forum/AnonymousForumScreen.tsx(41,22): error TS2345: Argument of type 'unknown' is not assignable to parameter of type 'SetStateAction<ForumPost[]>'.
src/screens/forum/AnonymousForumScreen.tsx(67,52): error TS2345: Argument of type '[string, { postId: string; }]' is not assignable to parameter of type 'never'.
src/screens/forum/ForumDetailScreen.tsx(65,21): error TS2345: Argument of type 'unknown' is not assignable to parameter of type 'SetStateAction<PostDetails>'.
src/screens/LawyerCasesScreen.tsx(40,38): error TS2339: Property 'requests' does not exist on type 'unknown'.
src/screens/LawyerPublicProfileScreen.tsx(13,13): error TS2339: Property 'lawyerId' does not exist on type '{}'.
src/screens/LoginScreen.tsx(130,63): error TS1323: Dynamic imports are only supported when the '--module' flag is set to 'es2020', 'es2022', 'esnext', 'commonjs', 'amd', 'system', 'umd', 'node16', 'node18', 'node20', or 'nodenext'.
src/screens/NewsFeedScreen.tsx(27,21): error TS2345: Argument of type 'unknown' is not assignable to parameter of type 'SetStateAction<any[]>'.
src/screens/ProfileScreen.tsx(234,49): error TS2345: Argument of type '[never, never]' is not assignable to parameter of type 'never'.
src/screens/pyme/ContractReviewScreen.tsx(191,51): error TS2820: Type '" bold"' is not assignable to type '"bold" | "normal" | "100" | "200" | "300" | "400" | "500" | "600" | "700" | "800" | "900" | 100 | 200 | 300 | 400 | 500 | 600 | 700 | 800 | 900 | "ultralight" | "thin" | "light" | "medium" | ... 5 more ... | "black"'. Did you mean '"bold"'?
src/screens/RegisterScreen.tsx(425,57): error TS2345: Argument of type '[never, never]' is not assignable to parameter of type 'never'.
src/screens/VaultScreen.tsx(40,22): error TS2345: Argument of type 'unknown' is not assignable to parameter of type 'SetStateAction<any[]>'.
src/screens/VaultScreen.tsx(78,21): error TS2339: Property 'uploadUrl' does not exist on type '{}'.
src/screens/VaultScreen.tsx(78,32): error TS2339: Property 'filePath' does not exist on type '{}'.
src/services/BiometricAuthService.ts(48,28): error TS2339: Property 'error' does not exist on type 'LocalAuthenticationResult'.
  Property 'error' does not exist on type '{ success: true; }'.
src/services/BiometricAuthService.ts(49,61): error TS2339: Property 'error' does not exist on type 'LocalAuthenticationResult'.
  Property 'error' does not exist on type '{ success: true; }'.
