src/components/common/AppHeader.tsx(2,8): error TS1259: Module '"C:/dev/aliado-laboral/frontend/node_modules/@types/react/index"' can only be default-imported using the 'allowSyntheticDefaultImports' flag
src/components/WorkerSubscriptionModal.tsx(1,8): error TS1259: Module '"C:/dev/aliado-laboral/frontend/node_modules/@types/react/index"' can only be default-imported using the 'allowSyntheticDefaultImports' flag
src/components/WorkerSubscriptionModal.tsx(6,8): error TS1259: Module '"axios"' can only be default-imported using the 'allowSyntheticDefaultImports' flag
src/components/WorkerSubscriptionModal.tsx(126,39): error TS2769: No overload matches this call.
  Overload 1 of 2, '(props: ViewProps): View', gave the following error.
    Type '{ key: number; style: { flexDirection: "row"; alignItems: "center"; marginBottom: number; }; }' is not assignable to type 'ViewProps'.
      Property 'key' does not exist on type 'ViewProps'.
  Overload 2 of 2, '(props: ViewProps, context: any): View', gave the following error.
    Type '{ key: number; style: { flexDirection: "row"; alignItems: "center"; marginBottom: number; }; }' is not assignable to type 'ViewProps'.
      Property 'key' does not exist on type 'ViewProps'.
src/config/firebase.ts(2,26): error TS2305: Module '"firebase/auth"' has no exported member 'getReactNativePersistence'.
src/context/AuthContext.tsx(1,8): error TS1259: Module '"C:/dev/aliado-laboral/frontend/node_modules/@types/react/index"' can only be default-imported using the 'allowSyntheticDefaultImports' flag
src/context/AuthContext.tsx(3,8): error TS1259: Module '"axios"' can only be default-imported using the 'allowSyntheticDefaultImports' flag
src/context/AuthContext.tsx(183,17): error TS1323: Dynamic imports are only supported when the '--module' flag is set to 'es2020', 'es2022', 'esnext', 'commonjs', 'amd', 'system', 'umd', 'node16', 'node18', 'node20', or 'nodenext'.
src/context/AuthContext.tsx(275,13): error TS1323: Dynamic imports are only supported when the '--module' flag is set to 'es2020', 'es2022', 'esnext', 'commonjs', 'amd', 'system', 'umd', 'node16', 'node18', 'node20', or 'nodenext'.
src/screens/LawyersScreen.tsx(1,8): error TS1259: Module '"C:/dev/aliado-laboral/frontend/node_modules/@types/react/index"' can only be default-imported using the 'allowSyntheticDefaultImports' flag
src/screens/LawyersScreen.tsx(7,8): error TS1259: Module '"axios"' can only be default-imported using the 'allowSyntheticDefaultImports' flag
src/screens/SubscriptionManagementScreen.tsx(1,8): error TS1259: Module '"C:/dev/aliado-laboral/frontend/node_modules/@types/react/index"' can only be default-imported using the 'allowSyntheticDefaultImports' flag
src/screens/SubscriptionManagementScreen.tsx(671,31): error TS2769: No overload matches this call.
  Overload 1 of 2, '(props: ViewProps): View', gave the following error.
    Type '{ key: any; style: { flexDirection: "row"; alignItems: "center"; marginBottom: number; }; }' is not assignable to type 'ViewProps'.
      Property 'key' does not exist on type 'ViewProps'.
  Overload 2 of 2, '(props: ViewProps, context: any): View', gave the following error.
    Type '{ key: any; style: { flexDirection: "row"; alignItems: "center"; marginBottom: number; }; }' is not assignable to type 'ViewProps'.
      Property 'key' does not exist on type 'ViewProps'.
src/screens/SubscriptionManagementScreen.tsx(683,35): error TS2769: No overload matches this call.
  Overload 1 of 2, '(props: ViewProps): View', gave the following error.
    Type '{ key: any; style: { flexDirection: "row"; alignItems: "center"; paddingVertical: number; borderBottomWidth: number; borderBottomColor: string; }; }' is not assignable to type 'ViewProps'.
      Property 'key' does not exist on type 'ViewProps'.
  Overload 2 of 2, '(props: ViewProps, context: any): View', gave the following error.
    Type '{ key: any; style: { flexDirection: "row"; alignItems: "center"; paddingVertical: number; borderBottomWidth: number; borderBottomColor: string; }; }' is not assignable to type 'ViewProps'.
      Property 'key' does not exist on type 'ViewProps'.
